[2026-08-27T01:04:39] === Starting reorganization phase 3: phase=f2 dry_run=false force=false cleanse_secrets=false ===
[2026-08-27T01:04:39] Phase F2: Documentation, reports, images, archives
[2026-08-27T01:04:39] MOVING: /home/cvsz/full-repo-list-cvsz.md -> archives/docs/full-repo-list-cvsz.md
[2026-08-27T01:04:39] VERIFIED: Checksum match for /home/cvsz/full-repo-list-cvsz.md
[2026-08-27T01:04:39] REMOVED: /home/cvsz/full-repo-list-cvsz.md
[2026-08-27T01:04:39] MOVING: /home/cvsz/purpose.md -> archives/docs/purpose.md
[2026-08-27T01:04:39] VERIFIED: Checksum match for /home/cvsz/purpose.md
[2026-08-27T01:04:39] REMOVED: /home/cvsz/purpose.md
[2026-08-27T01:04:39] MOVING: /home/cvsz/schema.md -> archives/docs/schema.md
[2026-08-27T01:04:39] VERIFIED: Checksum match for /home/cvsz/schema.md
[2026-08-27T01:04:40] REMOVED: /home/cvsz/schema.md
[2026-08-27T01:04:40] MOVING: /home/cvsz/rotate.md -> archives/docs/rotate.md
[2026-08-27T01:04:40] VERIFIED: Checksum match for /home/cvsz/rotate.md
[2026-08-27T01:04:40] REMOVED: /home/cvsz/rotate.md
[2026-08-27T01:04:40] MOVING: /home/cvsz/ps.txt -> archives/logs/ps.txt
[2026-08-27T01:04:40] VERIFIED: Checksum match for /home/cvsz/ps.txt
[2026-08-27T01:04:40] REMOVED: /home/cvsz/ps.txt
[2026-08-27T01:04:40] MOVING: /home/cvsz/find_26de_outgoing_fast.log -> archives/logs/find_26de_outgoing_fast.log
[2026-08-27T01:04:40] VERIFIED: Checksum match for /home/cvsz/find_26de_outgoing_fast.log
[2026-08-27T01:04:40] REMOVED: /home/cvsz/find_26de_outgoing_fast.log
[2026-08-27T01:04:40] MOVING: /home/cvsz/trace_26de_usdt.log -> archives/logs/trace_26de_usdt.log
[2026-08-27T01:04:40] VERIFIED: Checksum match for /home/cvsz/trace_26de_usdt.log
[2026-08-27T01:04:41] REMOVED: /home/cvsz/trace_26de_usdt.log
[2026-08-27T01:04:41] MOVING: /home/cvsz/stack-duplicate-report-20260812-084755.txt -> archives/reports/stack-duplicate-report-20260812-084755.txt
[2026-08-27T01:04:41] VERIFIED: Checksum match for /home/cvsz/stack-duplicate-report-20260812-084755.txt
[2026-08-27T01:04:41] REMOVED: /home/cvsz/stack-duplicate-report-20260812-084755.txt
[2026-08-27T01:04:41] MOVING: /home/cvsz/loe.jpg -> archives/images/loe.jpg
[2026-08-27T01:04:41] VERIFIED: Checksum match for /home/cvsz/loe.jpg
[2026-08-27T01:04:41] REMOVED: /home/cvsz/loe.jpg
[2026-08-27T01:04:41] MOVING: /home/cvsz/loe2.jpg -> archives/images/loe2.jpg
[2026-08-27T01:04:41] VERIFIED: Checksum match for /home/cvsz/loe2.jpg
[2026-08-27T01:04:41] REMOVED: /home/cvsz/loe2.jpg
[2026-08-27T01:04:41] MOVING: /home/cvsz/zeaz-ai-command-center-v3.4.1.zip -> archives/zeaz-ai-command-center-v3.4.1.zip
[2026-08-27T01:04:41] VERIFIED: Checksum match for /home/cvsz/zeaz-ai-command-center-v3.4.1.zip
[2026-08-27T01:04:41] REMOVED: /home/cvsz/zeaz-ai-command-center-v3.4.1.zip
[2026-08-27T01:04:41] SKIP: Sensitive files require --cleanse-secrets flag:
[2026-08-27T01:04:41]   - /home/cvsz/extracted_keys.txt
[2026-08-27T01:04:42]   - /home/cvsz/scan_keys.py
[2026-08-27T01:04:42] === Reorganization phase 3 complete ===
