/home/cvsz/clean-os.sh|tools/scripts/clean-os.sh|20260827-010420
/home/cvsz/clean-os-v2.sh|tools/scripts/clean-os-v2.sh|20260827-010420
/home/cvsz/freedns_update.sh|tools/scripts/freedns_update.sh|20260827-010420
/home/cvsz/g-cvsz.sh|tools/scripts/g-cvsz.sh|20260827-010420
/home/cvsz/install_dashscope.sh|tools/scripts/install_dashscope.sh|20260827-010420
/home/cvsz/install-clean-os.sh|tools/scripts/install-clean-os.sh|20260827-010420
/home/cvsz/migrate-zarvis-to-sdb.sh|tools/scripts/migrate-zarvis-to-sdb.sh|20260827-010420
/home/cvsz/omega-core-ssh-repair.sh|tools/scripts/omega-core-ssh-repair.sh|20260827-010420
/home/cvsz/omega-ssh-linux.sh|tools/scripts/omega-ssh-linux.sh|20260827-010420
/home/cvsz/oneclick-docker-recovery.sh|tools/scripts/oneclick-docker-recovery.sh|20260827-010420
/home/cvsz/scan-stack-duplicates.sh|tools/scripts/scan-stack-duplicates.sh|20260827-010420
/home/cvsz/ssh-setup.sh|tools/scripts/ssh-setup.sh|20260827-010420
/home/cvsz/sync-z-world.sh|tools/scripts/sync-z-world.sh|20260827-010420
/home/cvsz/trace-usdt.sh|tools/scripts/trace-usdt.sh|20260827-010420
/home/cvsz/uv.sh|tools/scripts/uv.sh|20260827-010420
/home/cvsz/zarvis-compose.sh|tools/scripts/zarvis-compose.sh|20260827-010420
/home/cvsz/zarvis-oneclick.sh|tools/scripts/zarvis-oneclick.sh|20260827-010420
/home/cvsz/zarvis-oneclick.sh.old.20260806-211920|tools/scripts/zarvis-oneclick.sh.old.20260806-211920|20260827-010420
/home/cvsz/find_26de_outgoing_fast.py|tools/scripts/find_26de_outgoing_fast.py|20260827-010420
/home/cvsz/trace_26de_usdt.py|tools/scripts/trace_26de_usdt.py|20260827-010420
